// Jest Snapshot v1, https://goo.gl/fbAQLP

exports[`should render the expense list item with expenses 1`] = `
<Link
  className="list-item"
  to="/edit/2"
>
  <div>
    <h3
      className="list-item__title"
    >
      rent
    </h3>
    <span
      className="list-item__sub-title"
    >
      December 28th, 1969
    </span>
  </div>
  <h3
    className="list-item__data"
  >
    $195.00
  </h3>
</Link>
`;
