// Jest Snapshot v1, https://goo.gl/fbAQLP

exports[`should render the header correctly 1`] = `
<div>
  <header>
    <h1>
      Expensify
    </h1>
    <NavLink
      className={[Function]}
      to="/"
    >
      Home
    </NavLink>
    <NavLink
      className={[Function]}
      to="/create"
    >
      Create Expense
    </NavLink>
    <NavLink
      className={[Function]}
      to="/edit"
    >
      Edit
    </NavLink>
    <NavLink
      className={[Function]}
      to="/help"
    >
      Help
    </NavLink>
  </header>
</div>
`;
