// Jest Snapshot v1, https://goo.gl/fbAQLP

exports[`should render the expense dashboard page properly 1`] = `
<div>
  404 Not Found - 
  <Link
    to="/"
  >
    Go Home
  </Link>
</div>
`;
